---
source: utilities/scale-json/src/test.rs
expression: decoded_json
---
{
  "Other": {
    "BytesArray": "0xcfcfcfcfcfcfcfcfcfcfcfcfcfcfcfcfcfcfcfcfcfcfcfcfcfcfcfcfcfcfcfcf"
  }
}
