---
source: utilities/scale-json/src/test.rs
expression: decoded_json
---
{
  "System": {
    "ExtrinsicSuccess": {
      "dispatch_info": "info"
    }
  }
}
