---
source: utilities/scale-json/src/test.rs
expression: decoded_json
---
{
  "Other": {
    "TupleVariant": [
      42,
      "hello",
      true
    ]
  }
}
