---
source: utilities/scale-json/src/test.rs
expression: decoded_json
---
{
  "Other": {
    "ArrayVariant": [
      1,
      2,
      3
    ]
  }
}
