---
source: state-chain/custom-rpc/src/lib.rs
assertion_line: 1690
expression: "serde_json::to_value(env).unwrap()"
---
{"funding":{"minimum_funding_amount":0,"redemption_tax":0},"ingress_egress":{"channel_opening_fees":{"Arbitrum":1000,"Bitcoin":0,"Ethereum":1000,"Polkadot":1000},"egress_dust_limits":{"Arbitrum":{"ETH":0,"USDC":"0xffffffffffffffff"},"Bitcoin":{"BTC":0},"Ethereum":{"ETH":0,"FLIP":"0xffffffffffffffffffffffffffffffff","USDC":"0x7ffffffffffffffe","USDT":0},"Polkadot":{"DOT":0}},"egress_fees":{"Arbitrum":{"ETH":0,"USDC":null},"Bitcoin":{"BTC":0},"Ethereum":{"ETH":0,"FLIP":"0xffffffffffffffffffffffffffffffff","USDC":null,"USDT":null},"Polkadot":{"DOT":"0x7ffffffffffffffe"}},"ingress_fees":{"Arbitrum":{"ETH":0,"USDC":null},"Bitcoin":{"BTC":0},"Ethereum":{"ETH":0,"FLIP":"0xffffffffffffffffffffffffffffffff","USDC":null,"USDT":null},"Polkadot":{"DOT":"0x7ffffffffffffffe"}},"minimum_deposit_amounts":{"Arbitrum":{"ETH":0,"USDC":"0xffffffffffffffff"},"Bitcoin":{"BTC":0},"Ethereum":{"ETH":0,"FLIP":"0xffffffffffffffff","USDC":"0x7ffffffffffffffe","USDT":0},"Polkadot":{"DOT":0}},"witness_safety_margins":{"Arbitrum":null,"Bitcoin":3,"Ethereum":3,"Polkadot":null}},"pools":{"fees":{"Arbitrum":{"ETH":{"limit_order_fee_hundredth_pips":0,"limit_order_total_fees_earned":{"base":"0x0","quote":"0x0"},"limit_total_swap_inputs":{"base":"0x0","quote":"0x0"},"quote_asset":{"asset":"USDC","chain":"Ethereum"},"range_order_fee_hundredth_pips":100,"range_order_total_fees_earned":{"base":"0x0","quote":"0x0"},"range_total_swap_inputs":{"base":"0x0","quote":"0x0"}},"USDC":{"limit_order_fee_hundredth_pips":0,"limit_order_total_fees_earned":{"base":"0x0","quote":"0x0"},"limit_total_swap_inputs":{"base":"0x0","quote":"0x0"},"quote_asset":{"asset":"USDC","chain":"Ethereum"},"range_order_fee_hundredth_pips":100,"range_order_total_fees_earned":{"base":"0x0","quote":"0x0"},"range_total_swap_inputs":{"base":"0x0","quote":"0x0"}}},"Bitcoin":{"BTC":{"limit_order_fee_hundredth_pips":0,"limit_order_total_fees_earned":{"base":"0x0","quote":"0x0"},"limit_total_swap_inputs":{"base":"0x0","quote":"0x0"},"quote_asset":{"asset":"USDC","chain":"Ethereum"},"range_order_fee_hundredth_pips":100,"range_order_total_fees_earned":{"base":"0x0","quote":"0x0"},"range_total_swap_inputs":{"base":"0x0","quote":"0x0"}}},"Ethereum":{"ETH":null,"FLIP":{"limit_order_fee_hundredth_pips":0,"limit_order_total_fees_earned":{"base":"0x0","quote":"0x0"},"limit_total_swap_inputs":{"base":"0x0","quote":"0x0"},"quote_asset":{"asset":"USDC","chain":"Ethereum"},"range_order_fee_hundredth_pips":100,"range_order_total_fees_earned":{"base":"0x0","quote":"0x0"},"range_total_swap_inputs":{"base":"0x0","quote":"0x0"}},"USDC":null,"USDT":{"limit_order_fee_hundredth_pips":0,"limit_order_total_fees_earned":{"base":"0x0","quote":"0x0"},"limit_total_swap_inputs":{"base":"0x0","quote":"0x0"},"quote_asset":{"asset":"USDC","chain":"Ethereum"},"range_order_fee_hundredth_pips":100,"range_order_total_fees_earned":{"base":"0x0","quote":"0x0"},"range_total_swap_inputs":{"base":"0x0","quote":"0x0"}}},"Polkadot":{"DOT":{"limit_order_fee_hundredth_pips":0,"limit_order_total_fees_earned":{"base":"0x0","quote":"0x0"},"limit_total_swap_inputs":{"base":"0x0","quote":"0x0"},"quote_asset":{"asset":"USDC","chain":"Ethereum"},"range_order_fee_hundredth_pips":100,"range_order_total_fees_earned":{"base":"0x0","quote":"0x0"},"range_total_swap_inputs":{"base":"0x0","quote":"0x0"}}}}},"swapping":{"maximum_swap_amounts":{"Arbitrum":{"ETH":null,"USDC":0},"Bitcoin":{"BTC":0},"Ethereum":{"ETH":0,"FLIP":null,"USDC":"0x7ffffffffffffffe","USDT":null},"Polkadot":{"DOT":null}},"network_fee_hundredth_pips":1000000}}
