---
source: state-chain/custom-rpc/src/type_encoder.rs
expression: value
---
{
  "name": "Inner",
  "values": [
    {
      "name": "Unit",
      "values": []
    }
  ]
}
