---
source: state-chain/custom-rpc/src/tests.rs
expression: val
---
{
  "asks": {
    "limit_orders": {
      "price": "0x1e240",
      "depth": "0x9fbf1"
    },
    "range_orders": {
      "price": "0x39447",
      "depth": "0xbadf8"
    }
  },
  "bids": {
    "limit_orders": {
      "price": "0x5464e",
      "depth": "0xd5fff"
    },
    "range_orders": {
      "price": "0x6f855",
      "depth": "0xf1206"
    }
  }
}
