---
source: state-chain/custom-rpc/src/type_encoder.rs
expression: value
---
{
  "name": "UnknownType",
  "values": [
    "14776861743f"
  ]
}
