---
source: state-chain/custom-rpc/src/tests.rs
expression: val
---
[
  [
    "FailedToBroadcastTransaction",
    [
      [
        1,
        "5C62Ck4UrFPiBtoCmeSrgF7x9yv9mn38446dhCpsi2mLHiFT"
      ],
      [
        2,
        "5C7LYpP2ZH3tpKbvVvwiVe54AapxErdPBbvkYhe6y9ZBkqWt"
      ]
    ]
  ],
  [
    "ParticipateKeyHandoverFailed",
    [
      [
        3,
        "5C62Ck4UrFPiBtoCmeSrgF7x9yv9mn38446dhCpsi2mLHiFT"
      ]
    ]
  ],
  [
    "ParticipateSigningFailed",
    [
      [
        4,
        "5C7LYpP2ZH3tpKbvVvwiVe54AapxErdPBbvkYhe6y9ZBkqWt"
      ]
    ]
  ]
]
